#
# There is insufficient memory for the Java Runtime Environment to continue.
# Native memory allocation (malloc) failed to allocate 1211600 bytes. Error detail: Chunk::new
# Possible reasons:
#   The system is out of physical RAM or swap space
#   This process is running with CompressedOops enabled, and the Java Heap may be blocking the growth of the native heap
# Possible solutions:
#   Reduce memory load on the system
#   Increase physical memory or swap space
#   Check if swap backing store is full
#   Decrease Java heap size (-Xmx/-Xms)
#   Decrease number of Java threads
#   Decrease Java thread stack sizes (-Xss)
#   Set larger code cache with -XX:ReservedCodeCacheSize=
#   JVM is running with Unscaled Compressed Oops mode in which the Java heap is
#     placed in the first 4GB address space. The Java Heap base address is the
#     maximum limit for the native heap growth. Please use -XX:HeapBaseMinAddress
#     to set the Java Heap base and to place the Java Heap above 4GB virtual address.
# This output file may be truncated or incomplete.
#
#  Out of Memory Error (arena.cpp:168), pid=26380, tid=27748
#
# JRE version: OpenJDK Runtime Environment Temurin-21.0.7+6 (21.0.7+6) (build 21.0.7+6-LTS)
# Java VM: OpenJDK 64-Bit Server VM Temurin-21.0.7+6 (21.0.7+6-LTS, mixed mode, sharing, tiered, compressed oops, compressed class ptrs, parallel gc, windows-amd64)
# No core dump will be written. Minidumps are not enabled by default on client versions of Windows
#

---------------  S U M M A R Y ------------

Command Line: --add-modules=ALL-SYSTEM --add-opens=java.base/java.util=ALL-UNNAMED --add-opens=java.base/java.lang=ALL-UNNAMED --add-opens=java.base/sun.nio.fs=ALL-UNNAMED -Declipse.application=org.eclipse.jdt.ls.core.id1 -Dosgi.bundles.defaultStartLevel=4 -Declipse.product=org.eclipse.jdt.ls.core.product -Djava.import.generatesMetadataFilesAtProjectRoot=false -DDetectVMInstallationsJob.disabled=true -Dfile.encoding=utf8 -XX:+UseParallelGC -XX:GCTimeRatio=4 -XX:AdaptiveSizePolicyWeight=90 -Dsun.zip.disableMemoryMapping=true -Xmx1G -Xms100m -Xlog:disable -javaagent:c:\Users\mfores\.vscode\extensions\redhat.java-1.42.0-win32-x64\lombok\lombok-1.18.36.jar -XX:+HeapDumpOnOutOfMemoryError -XX:HeapDumpPath=c:\Users\mfores\AppData\Roaming\Code\User\workspaceStorage\0bbe5acb9c02150359cc3e73a33cb376\redhat.java -Daether.dependencyCollector.impl=bf c:\Users\mfores\.vscode\extensions\redhat.java-1.42.0-win32-x64\server\plugins\org.eclipse.equinox.launcher_1.7.0.v20250424-1814.jar -configuration c:\Users\mfores\AppData\Roaming\Code\User\globalStorage\redhat.java\1.42.0\config_win -data c:\Users\mfores\AppData\Roaming\Code\User\workspaceStorage\0bbe5acb9c02150359cc3e73a33cb376\redhat.java\jdt_ws --pipe=\\.\pipe\lsp-5ac65e5910e1420750d35ea2092cd5f3-sock

Host: 11th Gen Intel(R) Core(TM) i3-1115G4 @ 3.00GHz, 4 cores, 7G,  Windows 11 , 64 bit Build 26100 (10.0.26100.4202)
Time: Mon Jun 16 15:29:35 2025 Hora de verano romance elapsed time: 74.111263 seconds (0d 0h 1m 14s)

---------------  T H R E A D  ---------------

Current thread (0x000001e512ebb010):  JavaThread "C2 CompilerThread1" daemon [_thread_in_native, id=27748, stack(0x000000d6cd100000,0x000000d6cd200000) (1024K)]


Current CompileTask:
C2:74111 7160       4       org.eclipse.jdt.internal.compiler.util.JrtFileSystem$2::visitFile (72 bytes)

Stack: [0x000000d6cd100000,0x000000d6cd200000]
Native frames: (J=compiled Java code, j=interpreted, Vv=VM code, C=native code)
V  [jvm.dll+0x6ce119]
V  [jvm.dll+0x8a84a1]
V  [jvm.dll+0x8aa9ce]
V  [jvm.dll+0x8ab0b3]
V  [jvm.dll+0x27f8a6]
V  [jvm.dll+0xc507d]
V  [jvm.dll+0xc55b3]
V  [jvm.dll+0x3b692c]
V  [jvm.dll+0x1e0029]
V  [jvm.dll+0x247c42]
V  [jvm.dll+0x2470cf]
V  [jvm.dll+0x1c760e]
V  [jvm.dll+0x25695a]
V  [jvm.dll+0x254efa]
V  [jvm.dll+0x3f03f6]
V  [jvm.dll+0x851f6b]
V  [jvm.dll+0x6cc7dd]
C  [ucrtbase.dll+0x37b0]
C  [KERNEL32.DLL+0x2e8d7]
C  [ntdll.dll+0x3c34c]


---------------  P R O C E S S  ---------------

Threads class SMR info:
_java_thread_list=0x000001e512881dc0, length=35, elements={
0x000001e4b50722a0, 0x000001e4c9394190, 0x000001e4c93977d0, 0x000001e4c939d4e0,
0x000001e4c93a0140, 0x000001e4c93a2ba0, 0x000001e4c93a35f0, 0x000001e4c93a8440,
0x000001e4c94236a0, 0x000001e4c944e690, 0x000001e50b2e0340, 0x000001e50b9924b0,
0x000001e50b21efe0, 0x000001e50bacaa90, 0x000001e50b780610, 0x000001e50b6dcaf0,
0x000001e50b8ea0e0, 0x000001e5103ca320, 0x000001e5103ca9b0, 0x000001e5103cb6d0,
0x000001e510aebf00, 0x000001e510aeb870, 0x000001e510aeab50, 0x000001e510aecc20,
0x000001e510aeb1e0, 0x000001e510ae97a0, 0x000001e510ae9e30, 0x000001e510aed2b0,
0x000001e510aed940, 0x000001e510aea4c0, 0x000001e510af00a0, 0x000001e510af0dc0,
0x000001e510aedfd0, 0x000001e510aefa10, 0x000001e512ebb010
}

Java Threads: ( => current thread )
  0x000001e4b50722a0 JavaThread "main"                              [_thread_blocked, id=11032, stack(0x000000d6cb400000,0x000000d6cb500000) (1024K)]
  0x000001e4c9394190 JavaThread "Reference Handler"          daemon [_thread_blocked, id=27704, stack(0x000000d6cb800000,0x000000d6cb900000) (1024K)]
  0x000001e4c93977d0 JavaThread "Finalizer"                  daemon [_thread_blocked, id=15824, stack(0x000000d6cb900000,0x000000d6cba00000) (1024K)]
  0x000001e4c939d4e0 JavaThread "Signal Dispatcher"          daemon [_thread_blocked, id=14840, stack(0x000000d6cba00000,0x000000d6cbb00000) (1024K)]
  0x000001e4c93a0140 JavaThread "Attach Listener"            daemon [_thread_blocked, id=6844, stack(0x000000d6cbb00000,0x000000d6cbc00000) (1024K)]
  0x000001e4c93a2ba0 JavaThread "Service Thread"             daemon [_thread_blocked, id=21512, stack(0x000000d6cbc00000,0x000000d6cbd00000) (1024K)]
  0x000001e4c93a35f0 JavaThread "Monitor Deflation Thread"   daemon [_thread_blocked, id=9956, stack(0x000000d6cbd00000,0x000000d6cbe00000) (1024K)]
  0x000001e4c93a8440 JavaThread "C2 CompilerThread0"         daemon [_thread_in_native, id=22428, stack(0x000000d6cbe00000,0x000000d6cbf00000) (1024K)]
  0x000001e4c94236a0 JavaThread "C1 CompilerThread0"         daemon [_thread_blocked, id=18120, stack(0x000000d6cbf00000,0x000000d6cc000000) (1024K)]
  0x000001e4c944e690 JavaThread "Common-Cleaner"             daemon [_thread_blocked, id=24032, stack(0x000000d6cc000000,0x000000d6cc100000) (1024K)]
  0x000001e50b2e0340 JavaThread "Notification Thread"        daemon [_thread_blocked, id=18788, stack(0x000000d6cc100000,0x000000d6cc200000) (1024K)]
  0x000001e50b9924b0 JavaThread "Active Thread: Equinox Container: 69fc36d0-7f4f-4e61-8bba-0e880c805c01"        [_thread_blocked, id=24004, stack(0x000000d6cc500000,0x000000d6cc600000) (1024K)]
  0x000001e50b21efe0 JavaThread "Refresh Thread: Equinox Container: 69fc36d0-7f4f-4e61-8bba-0e880c805c01" daemon [_thread_blocked, id=31104, stack(0x000000d6cc600000,0x000000d6cc700000) (1024K)]
  0x000001e50bacaa90 JavaThread "Framework Event Dispatcher: Equinox Container: 69fc36d0-7f4f-4e61-8bba-0e880c805c01" daemon [_thread_blocked, id=6572, stack(0x000000d6cc700000,0x000000d6cc800000) (1024K)]
  0x000001e50b780610 JavaThread "Start Level: Equinox Container: 69fc36d0-7f4f-4e61-8bba-0e880c805c01" daemon [_thread_blocked, id=10480, stack(0x000000d6cc800000,0x000000d6cc900000) (1024K)]
  0x000001e50b6dcaf0 JavaThread "Bundle File Closer"         daemon [_thread_blocked, id=27312, stack(0x000000d6cc900000,0x000000d6cca00000) (1024K)]
  0x000001e50b8ea0e0 JavaThread "SCR Component Actor"        daemon [_thread_blocked, id=8296, stack(0x000000d6cca00000,0x000000d6ccb00000) (1024K)]
  0x000001e5103ca320 JavaThread "Worker-JM"                         [_thread_blocked, id=37736, stack(0x000000d6ccc00000,0x000000d6ccd00000) (1024K)]
  0x000001e5103ca9b0 JavaThread "JNA Cleaner"                daemon [_thread_blocked, id=24624, stack(0x000000d6ccd00000,0x000000d6cce00000) (1024K)]
  0x000001e5103cb6d0 JavaThread "Worker-0"                          [_thread_blocked, id=8, stack(0x000000d6cce00000,0x000000d6ccf00000) (1024K)]
  0x000001e510aebf00 JavaThread "Worker-1: Initialize After Load"        [_thread_in_Java, id=10736, stack(0x000000d6ccf00000,0x000000d6cd000000) (1024K)]
  0x000001e510aeb870 JavaThread "Worker-2: Java indexing... "        [_thread_blocked, id=12260, stack(0x000000d6cd000000,0x000000d6cd100000) (1024K)]
  0x000001e510aeab50 JavaThread "Java indexing"              daemon [_thread_blocked, id=16644, stack(0x000000d6cd200000,0x000000d6cd300000) (1024K)]
  0x000001e510aecc20 JavaThread "Worker-3"                          [_thread_blocked, id=29644, stack(0x000000d6cd400000,0x000000d6cd500000) (1024K)]
  0x000001e510aeb1e0 JavaThread "Worker-4"                          [_thread_blocked, id=5644, stack(0x000000d6cd500000,0x000000d6cd600000) (1024K)]
  0x000001e510ae97a0 JavaThread "Thread-2"                   daemon [_thread_in_native, id=27828, stack(0x000000d6cd600000,0x000000d6cd700000) (1024K)]
  0x000001e510ae9e30 JavaThread "Thread-3"                   daemon [_thread_in_native, id=22340, stack(0x000000d6cd700000,0x000000d6cd800000) (1024K)]
  0x000001e510aed2b0 JavaThread "Thread-4"                   daemon [_thread_in_native, id=26112, stack(0x000000d6cd800000,0x000000d6cd900000) (1024K)]
  0x000001e510aed940 JavaThread "Thread-5"                   daemon [_thread_in_native, id=36448, stack(0x000000d6cd900000,0x000000d6cda00000) (1024K)]
  0x000001e510aea4c0 JavaThread "Thread-6"                   daemon [_thread_in_native, id=36964, stack(0x000000d6cda00000,0x000000d6cdb00000) (1024K)]
  0x000001e510af00a0 JavaThread "pool-2-thread-1"                   [_thread_blocked, id=26496, stack(0x000000d6cdb00000,0x000000d6cdc00000) (1024K)]
  0x000001e510af0dc0 JavaThread "WorkspaceEventsHandler"            [_thread_blocked, id=16196, stack(0x000000d6cdc00000,0x000000d6cdd00000) (1024K)]
  0x000001e510aedfd0 JavaThread "pool-1-thread-1"                   [_thread_blocked, id=37624, stack(0x000000d6cdd00000,0x000000d6cde00000) (1024K)]
  0x000001e510aefa10 JavaThread "Worker-5"                          [_thread_blocked, id=36012, stack(0x000000d6cde00000,0x000000d6cdf00000) (1024K)]
=>0x000001e512ebb010 JavaThread "C2 CompilerThread1"         daemon [_thread_in_native, id=27748, stack(0x000000d6cd100000,0x000000d6cd200000) (1024K)]
Total: 35

Other Threads:
  0x000001e4b5107540 VMThread "VM Thread"                           [id=38632, stack(0x000000d6cb700000,0x000000d6cb800000) (1024K)]
  0x000001e4c932c950 WatcherThread "VM Periodic Task Thread"        [id=22592, stack(0x000000d6cb600000,0x000000d6cb700000) (1024K)]
  0x000001e4b5088900 WorkerThread "GC Thread#0"                     [id=17412, stack(0x000000d6cb500000,0x000000d6cb600000) (1024K)]
  0x000001e50b1ab250 WorkerThread "GC Thread#1"                     [id=18588, stack(0x000000d6cc200000,0x000000d6cc300000) (1024K)]
  0x000001e50b692680 WorkerThread "GC Thread#2"                     [id=23800, stack(0x000000d6cc300000,0x000000d6cc400000) (1024K)]
  0x000001e50b1ab5f0 WorkerThread "GC Thread#3"                     [id=15832, stack(0x000000d6cc400000,0x000000d6cc500000) (1024K)]
Total: 6

Threads with active compile tasks:
C2 CompilerThread0  74162 7174       4       jdk.internal.jrtfs.JrtFileSystem::lambda$iteratorOf$2 (20 bytes)
C2 CompilerThread1  74162 7160       4       org.eclipse.jdt.internal.compiler.util.JrtFileSystem$2::visitFile (72 bytes)
Total: 2

VM state: not at safepoint (normal execution)

VM Mutex/Monitor currently owned by a thread: None

Heap address: 0x00000000c0000000, size: 1024 MB, Compressed Oops mode: 32-bit

CDS archive(s) mapped at: [0x000001e4ca000000-0x000001e4caba0000-0x000001e4caba0000), size 12189696, SharedBaseAddress: 0x000001e4ca000000, ArchiveRelocationMode: 1.
Compressed class space mapped at: 0x000001e4cb000000-0x000001e50b000000, reserved size: 1073741824
Narrow klass base: 0x000001e4ca000000, Narrow klass shift: 0, Narrow klass range: 0x100000000

GC Precious Log:
 CardTable entry size: 512
 CPUs: 4 total, 4 available
 Memory: 7932M
 Large Page Support: Disabled
 NUMA Support: Disabled
 Compressed Oops: Enabled (32-bit)
 Alignments: Space 512K, Generation 512K, Heap 2M
 Heap Min Capacity: 100M
 Heap Initial Capacity: 100M
 Heap Max Capacity: 1G
 Pre-touch: Disabled
 Parallel Workers: 4

Heap:
 PSYoungGen      total 24064K, used 3426K [0x00000000eab00000, 0x00000000ec580000, 0x0000000100000000)
  eden space 21504K, 4% used [0x00000000eab00000,0x00000000eabf00a8,0x00000000ec000000)
  from space 2560K, 96% used [0x00000000ec300000,0x00000000ec5687c8,0x00000000ec580000)
  to   space 2560K, 0% used [0x00000000ec080000,0x00000000ec080000,0x00000000ec300000)
 ParOldGen       total 68608K, used 27420K [0x00000000c0000000, 0x00000000c4300000, 0x00000000eab00000)
  object space 68608K, 39% used [0x00000000c0000000,0x00000000c1ac7158,0x00000000c4300000)
 Metaspace       used 47138K, committed 48384K, reserved 1114112K
  class space    used 4972K, committed 5568K, reserved 1048576K

Card table byte_map: [0x000001e4b4a00000,0x000001e4b4c10000] _byte_map_base: 0x000001e4b4400000

Marking Bits: (ParMarkBitMap*) 0x00007ffecf4f31f0
 Begin Bits: [0x000001e4c7250000, 0x000001e4c8250000)
 End Bits:   [0x000001e4c8250000, 0x000001e4c9250000)

Polling page: 0x000001e4b2e30000

Metaspace:

Usage:
  Non-class:     41.18 MB used.
      Class:      4.86 MB used.
       Both:     46.03 MB used.

Virtual space:
  Non-class space:       64.00 MB reserved,      41.81 MB ( 65%) committed,  1 nodes.
      Class space:        1.00 GB reserved,       5.44 MB ( <1%) committed,  1 nodes.
             Both:        1.06 GB reserved,      47.25 MB (  4%) committed. 

Chunk freelists:
   Non-Class:  5.94 MB
       Class:  10.59 MB
        Both:  16.53 MB

MaxMetaspaceSize: unlimited
CompressedClassSpaceSize: 1.00 GB
Initial GC threshold: 21.00 MB
Current GC threshold: 58.38 MB
CDS: on
 - commit_granule_bytes: 65536.
 - commit_granule_words: 8192.
 - virtual_space_node_default_size: 8388608.
 - enlarge_chunks_in_place: 1.
 - use_allocation_guard: 0.


Internal statistics:

num_allocs_failed_limit: 6.
num_arena_births: 1000.
num_arena_deaths: 14.
num_vsnodes_births: 2.
num_vsnodes_deaths: 0.
num_space_committed: 756.
num_space_uncommitted: 0.
num_chunks_returned_to_freelist: 20.
num_chunks_taken_from_freelist: 3160.
num_chunk_merges: 9.
num_chunk_splits: 1938.
num_chunks_enlarged: 1054.
num_inconsistent_stats: 0.

CodeHeap 'non-profiled nmethods': size=120000Kb used=3945Kb max_used=3945Kb free=116054Kb
 bounds [0x000001e4bfd20000, 0x000001e4c0100000, 0x000001e4c7250000]
CodeHeap 'profiled nmethods': size=120000Kb used=13689Kb max_used=13689Kb free=106310Kb
 bounds [0x000001e4b8250000, 0x000001e4b8fb0000, 0x000001e4bf780000]
CodeHeap 'non-nmethods': size=5760Kb used=1390Kb max_used=1433Kb free=4369Kb
 bounds [0x000001e4bf780000, 0x000001e4bf9f0000, 0x000001e4bfd20000]
 total_blobs=7227 nmethods=6541 adapters=592
 compilation: enabled
              stopped_count=0, restarted_count=0
 full_count=0

Compilation events (20 events):
Event: 73.434 Thread 0x000001e4c94236a0 7184       3       org.eclipse.jdt.core.compiler.CharOperation::concatWithAll (105 bytes)
Event: 73.434 Thread 0x000001e4c94236a0 nmethod 7184 0x000001e4b8fa9d90 code [0x000001e4b8fa9f80, 0x000001e4b8faa4e0]
Event: 73.434 Thread 0x000001e4c94236a0 7182       3       sun.nio.fs.WindowsPath::elementAsString (62 bytes)
Event: 73.435 Thread 0x000001e4c94236a0 nmethod 7182 0x000001e4b8faa790 code [0x000001e4b8faa9a0, 0x000001e4b8faae38]
Event: 73.435 Thread 0x000001e4c94236a0 7185       3       jdk.internal.jimage.ImageReader$SharedImageReader::handleModulesSubTree (56 bytes)
Event: 73.435 Thread 0x000001e4c94236a0 nmethod 7185 0x000001e4b8fab190 code [0x000001e4b8fab3a0, 0x000001e4b8faba20]
Event: 73.579 Thread 0x000001e4c94236a0 7186  s    3       org.eclipse.jdt.core.JavaConventions::scannedIdentifier (9 bytes)
Event: 73.580 Thread 0x000001e4c94236a0 nmethod 7186 0x000001e4b8fabd10 code [0x000001e4b8fabec0, 0x000001e4b8fac0b8]
Event: 73.580 Thread 0x000001e4c94236a0 7187  s!   3       org.eclipse.jdt.core.JavaConventions::scannedIdentifier (147 bytes)
Event: 73.581 Thread 0x000001e4c94236a0 nmethod 7187 0x000001e4b8fac190 code [0x000001e4b8fac460, 0x000001e4b8facfd0]
Event: 73.593 Thread 0x000001e4c94236a0 7188       3       org.eclipse.jdt.internal.core.JrtPackageFragmentRoot$1::visitPackage (14 bytes)
Event: 73.593 Thread 0x000001e4c94236a0 nmethod 7188 0x000001e4b8fad410 code [0x000001e4b8fad5e0, 0x000001e4b8fad950]
Event: 73.734 Thread 0x000001e4c93a8440 nmethod 7159 0x000001e4c00e8610 code [0x000001e4c00e8f40, 0x000001e4c00f0208]
Event: 73.741 Thread 0x000001e4c93a8440 7163       4       org.eclipse.jdt.internal.compiler.classfmt.ClassFileStruct::utf8At (171 bytes)
Event: 73.749 Thread 0x000001e4c93a8440 nmethod 7163 0x000001e4c00f5810 code [0x000001e4c00f59c0, 0x000001e4c00f5ce8]
Event: 73.749 Thread 0x000001e4c93a8440 7173       4       jdk.internal.jrtfs.JrtFileSystem$$Lambda/0x000001e4cb5326c8::apply (16 bytes)
Event: 73.819 Thread 0x000001e4c94236a0 7189       3       org.eclipse.jdt.internal.core.JavaModelStatus::getSeverity (65 bytes)
Event: 74.081 Thread 0x000001e4c94236a0 nmethod 7189 0x000001e4b8fada10 code [0x000001e4b8fadbe0, 0x000001e4b8fadf58]
Event: 74.081 Thread 0x000001e4c94236a0 7190       3       org.eclipse.jdt.core.JavaConventions::validateIdentifier (33 bytes)
Event: 74.081 Thread 0x000001e4c94236a0 nmethod 7190 0x000001e4b8fae110 code [0x000001e4b8fae2e0, 0x000001e4b8fae578]

GC Heap History (20 events):
Event: 63.936 GC heap before
{Heap before GC invocations=13 (full 1):
 PSYoungGen      total 23552K, used 23497K [0x00000000eab00000, 0x00000000ec680000, 0x0000000100000000)
  eden space 22528K, 100% used [0x00000000eab00000,0x00000000ec100000,0x00000000ec100000)
  from space 1024K, 94% used [0x00000000ec180000,0x00000000ec272740,0x00000000ec280000)
  to   space 2048K, 0% used [0x00000000ec480000,0x00000000ec480000,0x00000000ec680000)
 ParOldGen       total 68608K, used 16154K [0x00000000c0000000, 0x00000000c4300000, 0x00000000eab00000)
  object space 68608K, 23% used [0x00000000c0000000,0x00000000c0fc68a0,0x00000000c4300000)
 Metaspace       used 33163K, committed 34240K, reserved 1114112K
  class space    used 3303K, committed 3712K, reserved 1048576K
}
Event: 63.939 GC heap after
{Heap after GC invocations=13 (full 1):
 PSYoungGen      total 23552K, used 1467K [0x00000000eab00000, 0x00000000ec600000, 0x0000000100000000)
  eden space 22016K, 0% used [0x00000000eab00000,0x00000000eab00000,0x00000000ec080000)
  from space 1536K, 95% used [0x00000000ec480000,0x00000000ec5eed38,0x00000000ec600000)
  to   space 2048K, 0% used [0x00000000ec200000,0x00000000ec200000,0x00000000ec400000)
 ParOldGen       total 68608K, used 16762K [0x00000000c0000000, 0x00000000c4300000, 0x00000000eab00000)
  object space 68608K, 24% used [0x00000000c0000000,0x00000000c105e8f0,0x00000000c4300000)
 Metaspace       used 33163K, committed 34240K, reserved 1114112K
  class space    used 3303K, committed 3712K, reserved 1048576K
}
Event: 64.321 GC heap before
{Heap before GC invocations=14 (full 1):
 PSYoungGen      total 23552K, used 17489K [0x00000000eab00000, 0x00000000ec600000, 0x0000000100000000)
  eden space 22016K, 72% used [0x00000000eab00000,0x00000000ebaa5840,0x00000000ec080000)
  from space 1536K, 95% used [0x00000000ec480000,0x00000000ec5eed38,0x00000000ec600000)
  to   space 2048K, 0% used [0x00000000ec200000,0x00000000ec200000,0x00000000ec400000)
 ParOldGen       total 68608K, used 16762K [0x00000000c0000000, 0x00000000c4300000, 0x00000000eab00000)
  object space 68608K, 24% used [0x00000000c0000000,0x00000000c105e8f0,0x00000000c4300000)
 Metaspace       used 34740K, committed 35840K, reserved 1114112K
  class space    used 3509K, committed 4032K, reserved 1048576K
}
Event: 64.323 GC heap after
{Heap after GC invocations=14 (full 1):
 PSYoungGen      total 24064K, used 653K [0x00000000eab00000, 0x00000000ec500000, 0x0000000100000000)
  eden space 22016K, 0% used [0x00000000eab00000,0x00000000eab00000,0x00000000ec080000)
  from space 2048K, 31% used [0x00000000ec200000,0x00000000ec2a3500,0x00000000ec400000)
  to   space 1024K, 0% used [0x00000000ec400000,0x00000000ec400000,0x00000000ec500000)
 ParOldGen       total 68608K, used 17929K [0x00000000c0000000, 0x00000000c4300000, 0x00000000eab00000)
  object space 68608K, 26% used [0x00000000c0000000,0x00000000c1182548,0x00000000c4300000)
 Metaspace       used 34740K, committed 35840K, reserved 1114112K
  class space    used 3509K, committed 4032K, reserved 1048576K
}
Event: 64.323 GC heap before
{Heap before GC invocations=15 (full 2):
 PSYoungGen      total 24064K, used 653K [0x00000000eab00000, 0x00000000ec500000, 0x0000000100000000)
  eden space 22016K, 0% used [0x00000000eab00000,0x00000000eab00000,0x00000000ec080000)
  from space 2048K, 31% used [0x00000000ec200000,0x00000000ec2a3500,0x00000000ec400000)
  to   space 1024K, 0% used [0x00000000ec400000,0x00000000ec400000,0x00000000ec500000)
 ParOldGen       total 68608K, used 17929K [0x00000000c0000000, 0x00000000c4300000, 0x00000000eab00000)
  object space 68608K, 26% used [0x00000000c0000000,0x00000000c1182548,0x00000000c4300000)
 Metaspace       used 34740K, committed 35840K, reserved 1114112K
  class space    used 3509K, committed 4032K, reserved 1048576K
}
Event: 64.390 GC heap after
{Heap after GC invocations=15 (full 2):
 PSYoungGen      total 24064K, used 0K [0x00000000eab00000, 0x00000000ec500000, 0x0000000100000000)
  eden space 22016K, 0% used [0x00000000eab00000,0x00000000eab00000,0x00000000ec080000)
  from space 2048K, 0% used [0x00000000ec200000,0x00000000ec200000,0x00000000ec400000)
  to   space 1024K, 0% used [0x00000000ec400000,0x00000000ec400000,0x00000000ec500000)
 ParOldGen       total 68608K, used 17902K [0x00000000c0000000, 0x00000000c4300000, 0x00000000eab00000)
  object space 68608K, 26% used [0x00000000c0000000,0x00000000c117b8a0,0x00000000c4300000)
 Metaspace       used 34740K, committed 35840K, reserved 1114112K
  class space    used 3509K, committed 4032K, reserved 1048576K
}
Event: 64.643 GC heap before
{Heap before GC invocations=16 (full 2):
 PSYoungGen      total 24064K, used 22014K [0x00000000eab00000, 0x00000000ec500000, 0x0000000100000000)
  eden space 22016K, 99% used [0x00000000eab00000,0x00000000ec07f9c8,0x00000000ec080000)
  from space 2048K, 0% used [0x00000000ec200000,0x00000000ec200000,0x00000000ec400000)
  to   space 1024K, 0% used [0x00000000ec400000,0x00000000ec400000,0x00000000ec500000)
 ParOldGen       total 68608K, used 17902K [0x00000000c0000000, 0x00000000c4300000, 0x00000000eab00000)
  object space 68608K, 26% used [0x00000000c0000000,0x00000000c117b8a0,0x00000000c4300000)
 Metaspace       used 37406K, committed 38592K, reserved 1114112K
  class space    used 3822K, committed 4352K, reserved 1048576K
}
Event: 64.645 GC heap after
{Heap after GC invocations=16 (full 2):
 PSYoungGen      total 23040K, used 1019K [0x00000000eab00000, 0x00000000ec500000, 0x0000000100000000)
  eden space 22016K, 0% used [0x00000000eab00000,0x00000000eab00000,0x00000000ec080000)
  from space 1024K, 99% used [0x00000000ec400000,0x00000000ec4fef00,0x00000000ec500000)
  to   space 1536K, 0% used [0x00000000ec200000,0x00000000ec200000,0x00000000ec380000)
 ParOldGen       total 68608K, used 18225K [0x00000000c0000000, 0x00000000c4300000, 0x00000000eab00000)
  object space 68608K, 26% used [0x00000000c0000000,0x00000000c11cc790,0x00000000c4300000)
 Metaspace       used 37406K, committed 38592K, reserved 1114112K
  class space    used 3822K, committed 4352K, reserved 1048576K
}
Event: 65.710 GC heap before
{Heap before GC invocations=17 (full 2):
 PSYoungGen      total 23040K, used 23035K [0x00000000eab00000, 0x00000000ec500000, 0x0000000100000000)
  eden space 22016K, 100% used [0x00000000eab00000,0x00000000ec080000,0x00000000ec080000)
  from space 1024K, 99% used [0x00000000ec400000,0x00000000ec4fef00,0x00000000ec500000)
  to   space 1536K, 0% used [0x00000000ec200000,0x00000000ec200000,0x00000000ec380000)
 ParOldGen       total 68608K, used 18225K [0x00000000c0000000, 0x00000000c4300000, 0x00000000eab00000)
  object space 68608K, 26% used [0x00000000c0000000,0x00000000c11cc790,0x00000000c4300000)
 Metaspace       used 39843K, committed 40960K, reserved 1114112K
  class space    used 4129K, committed 4608K, reserved 1048576K
}
Event: 65.713 GC heap after
{Heap after GC invocations=17 (full 2):
 PSYoungGen      total 23552K, used 1536K [0x00000000eab00000, 0x00000000ec780000, 0x0000000100000000)
  eden space 22016K, 0% used [0x00000000eab00000,0x00000000eab00000,0x00000000ec080000)
  from space 1536K, 100% used [0x00000000ec200000,0x00000000ec380000,0x00000000ec380000)
  to   space 3584K, 0% used [0x00000000ec400000,0x00000000ec400000,0x00000000ec780000)
 ParOldGen       total 68608K, used 19617K [0x00000000c0000000, 0x00000000c4300000, 0x00000000eab00000)
  object space 68608K, 28% used [0x00000000c0000000,0x00000000c13287f8,0x00000000c4300000)
 Metaspace       used 39843K, committed 40960K, reserved 1114112K
  class space    used 4129K, committed 4608K, reserved 1048576K
}
Event: 66.604 GC heap before
{Heap before GC invocations=18 (full 2):
 PSYoungGen      total 23552K, used 23552K [0x00000000eab00000, 0x00000000ec780000, 0x0000000100000000)
  eden space 22016K, 100% used [0x00000000eab00000,0x00000000ec080000,0x00000000ec080000)
  from space 1536K, 100% used [0x00000000ec200000,0x00000000ec380000,0x00000000ec380000)
  to   space 3584K, 0% used [0x00000000ec400000,0x00000000ec400000,0x00000000ec780000)
 ParOldGen       total 68608K, used 19617K [0x00000000c0000000, 0x00000000c4300000, 0x00000000eab00000)
  object space 68608K, 28% used [0x00000000c0000000,0x00000000c13287f8,0x00000000c4300000)
 Metaspace       used 42392K, committed 43520K, reserved 1114112K
  class space    used 4442K, committed 4928K, reserved 1048576K
}
Event: 66.608 GC heap after
{Heap after GC invocations=18 (full 2):
 PSYoungGen      total 24064K, used 1696K [0x00000000eab00000, 0x00000000ec600000, 0x0000000100000000)
  eden space 22016K, 0% used [0x00000000eab00000,0x00000000eab00000,0x00000000ec080000)
  from space 2048K, 82% used [0x00000000ec400000,0x00000000ec5a8000,0x00000000ec600000)
  to   space 2560K, 0% used [0x00000000ec100000,0x00000000ec100000,0x00000000ec380000)
 ParOldGen       total 68608K, used 21102K [0x00000000c0000000, 0x00000000c4300000, 0x00000000eab00000)
  object space 68608K, 30% used [0x00000000c0000000,0x00000000c149b938,0x00000000c4300000)
 Metaspace       used 42392K, committed 43520K, reserved 1114112K
  class space    used 4442K, committed 4928K, reserved 1048576K
}
Event: 68.255 GC heap before
{Heap before GC invocations=19 (full 2):
 PSYoungGen      total 24064K, used 23712K [0x00000000eab00000, 0x00000000ec600000, 0x0000000100000000)
  eden space 22016K, 100% used [0x00000000eab00000,0x00000000ec080000,0x00000000ec080000)
  from space 2048K, 82% used [0x00000000ec400000,0x00000000ec5a8000,0x00000000ec600000)
  to   space 2560K, 0% used [0x00000000ec100000,0x00000000ec100000,0x00000000ec380000)
 ParOldGen       total 68608K, used 21102K [0x00000000c0000000, 0x00000000c4300000, 0x00000000eab00000)
  object space 68608K, 30% used [0x00000000c0000000,0x00000000c149b938,0x00000000c4300000)
 Metaspace       used 43918K, committed 45120K, reserved 1114112K
  class space    used 4646K, committed 5184K, reserved 1048576K
}
Event: 68.261 GC heap after
{Heap after GC invocations=19 (full 2):
 PSYoungGen      total 23040K, used 832K [0x00000000eab00000, 0x00000000ec480000, 0x0000000100000000)
  eden space 22016K, 0% used [0x00000000eab00000,0x00000000eab00000,0x00000000ec080000)
  from space 1024K, 81% used [0x00000000ec100000,0x00000000ec1d0000,0x00000000ec200000)
  to   space 1536K, 0% used [0x00000000ec300000,0x00000000ec300000,0x00000000ec480000)
 ParOldGen       total 68608K, used 22578K [0x00000000c0000000, 0x00000000c4300000, 0x00000000eab00000)
  object space 68608K, 32% used [0x00000000c0000000,0x00000000c160c958,0x00000000c4300000)
 Metaspace       used 43918K, committed 45120K, reserved 1114112K
  class space    used 4646K, committed 5184K, reserved 1048576K
}
Event: 71.405 GC heap before
{Heap before GC invocations=20 (full 2):
 PSYoungGen      total 23040K, used 22841K [0x00000000eab00000, 0x00000000ec480000, 0x0000000100000000)
  eden space 22016K, 99% used [0x00000000eab00000,0x00000000ec07e760,0x00000000ec080000)
  from space 1024K, 81% used [0x00000000ec100000,0x00000000ec1d0000,0x00000000ec200000)
  to   space 1536K, 0% used [0x00000000ec300000,0x00000000ec300000,0x00000000ec480000)
 ParOldGen       total 68608K, used 22578K [0x00000000c0000000, 0x00000000c4300000, 0x00000000eab00000)
  object space 68608K, 32% used [0x00000000c0000000,0x00000000c160c958,0x00000000c4300000)
 Metaspace       used 46106K, committed 47424K, reserved 1114112K
  class space    used 4860K, committed 5440K, reserved 1048576K
}
Event: 71.408 GC heap after
{Heap after GC invocations=20 (full 2):
 PSYoungGen      total 23040K, used 1504K [0x00000000eab00000, 0x00000000ec680000, 0x0000000100000000)
  eden space 21504K, 0% used [0x00000000eab00000,0x00000000eab00000,0x00000000ec000000)
  from space 1536K, 97% used [0x00000000ec300000,0x00000000ec478030,0x00000000ec480000)
  to   space 3072K, 0% used [0x00000000ec000000,0x00000000ec000000,0x00000000ec300000)
 ParOldGen       total 68608K, used 23470K [0x00000000c0000000, 0x00000000c4300000, 0x00000000eab00000)
  object space 68608K, 34% used [0x00000000c0000000,0x00000000c16eb968,0x00000000c4300000)
 Metaspace       used 46106K, committed 47424K, reserved 1114112K
  class space    used 4860K, committed 5440K, reserved 1048576K
}
Event: 72.811 GC heap before
{Heap before GC invocations=21 (full 2):
 PSYoungGen      total 23040K, used 23008K [0x00000000eab00000, 0x00000000ec680000, 0x0000000100000000)
  eden space 21504K, 100% used [0x00000000eab00000,0x00000000ec000000,0x00000000ec000000)
  from space 1536K, 97% used [0x00000000ec300000,0x00000000ec478030,0x00000000ec480000)
  to   space 3072K, 0% used [0x00000000ec000000,0x00000000ec000000,0x00000000ec300000)
 ParOldGen       total 68608K, used 23470K [0x00000000c0000000, 0x00000000c4300000, 0x00000000eab00000)
  object space 68608K, 34% used [0x00000000c0000000,0x00000000c16eb968,0x00000000c4300000)
 Metaspace       used 46741K, committed 48000K, reserved 1114112K
  class space    used 4920K, committed 5504K, reserved 1048576K
}
Event: 72.824 GC heap after
{Heap after GC invocations=21 (full 2):
 PSYoungGen      total 24576K, used 2573K [0x00000000eab00000, 0x00000000ec600000, 0x0000000100000000)
  eden space 21504K, 0% used [0x00000000eab00000,0x00000000eab00000,0x00000000ec000000)
  from space 3072K, 83% used [0x00000000ec000000,0x00000000ec283540,0x00000000ec300000)
  to   space 3072K, 0% used [0x00000000ec300000,0x00000000ec300000,0x00000000ec600000)
 ParOldGen       total 68608K, used 24945K [0x00000000c0000000, 0x00000000c4300000, 0x00000000eab00000)
  object space 68608K, 36% used [0x00000000c0000000,0x00000000c185c490,0x00000000c4300000)
 Metaspace       used 46741K, committed 48000K, reserved 1114112K
  class space    used 4920K, committed 5504K, reserved 1048576K
}
Event: 73.876 GC heap before
{Heap before GC invocations=22 (full 2):
 PSYoungGen      total 24576K, used 24077K [0x00000000eab00000, 0x00000000ec600000, 0x0000000100000000)
  eden space 21504K, 100% used [0x00000000eab00000,0x00000000ec000000,0x00000000ec000000)
  from space 3072K, 83% used [0x00000000ec000000,0x00000000ec283540,0x00000000ec300000)
  to   space 3072K, 0% used [0x00000000ec300000,0x00000000ec300000,0x00000000ec600000)
 ParOldGen       total 68608K, used 24945K [0x00000000c0000000, 0x00000000c4300000, 0x00000000eab00000)
  object space 68608K, 36% used [0x00000000c0000000,0x00000000c185c490,0x00000000c4300000)
 Metaspace       used 47137K, committed 48384K, reserved 1114112K
  class space    used 4972K, committed 5568K, reserved 1048576K
}
Event: 74.080 GC heap after
{Heap after GC invocations=22 (full 2):
 PSYoungGen      total 24064K, used 2465K [0x00000000eab00000, 0x00000000ec580000, 0x0000000100000000)
  eden space 21504K, 0% used [0x00000000eab00000,0x00000000eab00000,0x00000000ec000000)
  from space 2560K, 96% used [0x00000000ec300000,0x00000000ec5687c8,0x00000000ec580000)
  to   space 2560K, 0% used [0x00000000ec080000,0x00000000ec080000,0x00000000ec300000)
 ParOldGen       total 68608K, used 27420K [0x00000000c0000000, 0x00000000c4300000, 0x00000000eab00000)
  object space 68608K, 39% used [0x00000000c0000000,0x00000000c1ac7158,0x00000000c4300000)
 Metaspace       used 47137K, committed 48384K, reserved 1114112K
  class space    used 4972K, committed 5568K, reserved 1048576K
}

Dll operation events (10 events):
Event: 0.121 Loaded shared library c:\Users\mfores\.vscode\extensions\redhat.java-1.42.0-win32-x64\jre\21.0.7-win32-x86_64\bin\java.dll
Event: 2.648 Loaded shared library c:\Users\mfores\.vscode\extensions\redhat.java-1.42.0-win32-x64\jre\21.0.7-win32-x86_64\bin\zip.dll
Event: 2.736 Loaded shared library C:\Users\mfores\.vscode\extensions\redhat.java-1.42.0-win32-x64\jre\21.0.7-win32-x86_64\bin\instrument.dll
Event: 2.766 Loaded shared library C:\Users\mfores\.vscode\extensions\redhat.java-1.42.0-win32-x64\jre\21.0.7-win32-x86_64\bin\net.dll
Event: 2.771 Loaded shared library C:\Users\mfores\.vscode\extensions\redhat.java-1.42.0-win32-x64\jre\21.0.7-win32-x86_64\bin\nio.dll
Event: 2.779 Loaded shared library C:\Users\mfores\.vscode\extensions\redhat.java-1.42.0-win32-x64\jre\21.0.7-win32-x86_64\bin\zip.dll
Event: 2.871 Loaded shared library C:\Users\mfores\.vscode\extensions\redhat.java-1.42.0-win32-x64\jre\21.0.7-win32-x86_64\bin\jimage.dll
Event: 6.353 Loaded shared library c:\Users\mfores\.vscode\extensions\redhat.java-1.42.0-win32-x64\jre\21.0.7-win32-x86_64\bin\verify.dll
Event: 28.703 Loaded shared library C:\Users\mfores\AppData\Roaming\Code\User\globalStorage\redhat.java\1.42.0\config_win\org.eclipse.equinox.launcher\org.eclipse.equinox.launcher.win32.win32.x86_64_1.2.1300.v20250331-1702\eclipse_11911.dll
Event: 52.650 Loaded shared library C:\Users\mfores\AppData\Local\Temp\jna--1076771094\jna2447205645959801520.dll

Deoptimization events (20 events):
Event: 73.091 Thread 0x000001e510aebf00 Uncommon trap: trap_request=0xffffffc6 fr.pc=0x000001e4c00bb5cc relative=0x000000000000052c
Event: 73.091 Thread 0x000001e510aebf00 Uncommon trap: reason=bimorphic_or_optimized_type_check action=maybe_recompile pc=0x000001e4c00bb5cc method=java.util.ArrayList.equalsRange(Ljava/util/List;II)Z @ 22 c2
Event: 73.091 Thread 0x000001e510aebf00 DEOPT PACKING pc=0x000001e4c00bb5cc sp=0x000000d6ccffd670
Event: 73.091 Thread 0x000001e510aebf00 DEOPT UNPACKING pc=0x000001e4bf7d6da2 sp=0x000000d6ccffd600 mode 2
Event: 73.091 Thread 0x000001e510aebf00 Uncommon trap: trap_request=0xffffff76 fr.pc=0x000001e4c00bb4ec relative=0x000000000000044c
Event: 73.091 Thread 0x000001e510aebf00 Uncommon trap: reason=predicate action=maybe_recompile pc=0x000001e4c00bb4ec method=java.util.ArrayList.equalsRange(Ljava/util/List;II)Z @ 31 c2
Event: 73.091 Thread 0x000001e510aebf00 DEOPT PACKING pc=0x000001e4c00bb4ec sp=0x000000d6ccffd680
Event: 73.091 Thread 0x000001e510aebf00 DEOPT UNPACKING pc=0x000001e4bf7d6da2 sp=0x000000d6ccffd608 mode 2
Event: 73.112 Thread 0x000001e510aebf00 Uncommon trap: trap_request=0xffffff45 fr.pc=0x000001e4c00d8c88 relative=0x0000000000000568
Event: 73.112 Thread 0x000001e510aebf00 Uncommon trap: reason=unstable_if action=reinterpret pc=0x000001e4c00d8c88 method=java.util.ArrayList.equalsRange(Ljava/util/List;II)Z @ 76 c2
Event: 73.112 Thread 0x000001e510aebf00 DEOPT PACKING pc=0x000001e4c00d8c88 sp=0x000000d6ccffd600
Event: 73.112 Thread 0x000001e510aebf00 DEOPT UNPACKING pc=0x000001e4bf7d6da2 sp=0x000000d6ccffd5a0 mode 2
Event: 73.127 Thread 0x000001e510aebf00 Uncommon trap: trap_request=0xffffff45 fr.pc=0x000001e4c00d9d20 relative=0x00000000000005e0
Event: 73.127 Thread 0x000001e510aebf00 Uncommon trap: reason=unstable_if action=reinterpret pc=0x000001e4c00d9d20 method=java.util.ArrayList.equalsRange(Ljava/util/List;II)Z @ 76 c2
Event: 73.127 Thread 0x000001e510aebf00 DEOPT PACKING pc=0x000001e4c00d9d20 sp=0x000000d6ccffd6b0
Event: 73.127 Thread 0x000001e510aebf00 DEOPT UNPACKING pc=0x000001e4bf7d6da2 sp=0x000000d6ccffd5f0 mode 2
Event: 73.238 Thread 0x000001e510aeab50 Uncommon trap: trap_request=0xffffff6e fr.pc=0x000001e4c00e262c relative=0x00000000000003ec
Event: 73.238 Thread 0x000001e510aeab50 Uncommon trap: reason=loop_limit_check action=maybe_recompile pc=0x000001e4c00e262c method=org.eclipse.jdt.internal.compiler.classfmt.ClassFileStruct.utf8At(II)[C @ 143 c2
Event: 73.238 Thread 0x000001e510aeab50 DEOPT PACKING pc=0x000001e4c00e262c sp=0x000000d6cd2fe770
Event: 73.240 Thread 0x000001e510aeab50 DEOPT UNPACKING pc=0x000001e4bf7d6da2 sp=0x000000d6cd2fe708 mode 2

Classes loaded (20 events):
Event: 69.574 Loading class java/nio/ByteBufferAsIntBufferL
Event: 69.610 Loading class java/nio/ByteBufferAsIntBufferL done
Event: 69.817 Loading class jdk/internal/jimage/ImageReader$Directory
Event: 69.817 Loading class jdk/internal/jimage/ImageReader$Directory done
Event: 70.571 Loading class java/nio/file/FileTreeWalker$DirectoryNode
Event: 70.571 Loading class java/nio/file/FileTreeWalker$DirectoryNode done
Event: 70.571 Loading class java/nio/file/FileTreeWalker$Event
Event: 70.571 Loading class java/nio/file/FileTreeWalker$Event done
Event: 70.571 Loading class java/nio/file/FileTreeWalker$EventType
Event: 70.571 Loading class java/nio/file/FileTreeWalker$EventType done
Event: 70.571 Loading class java/nio/file/Files$3
Event: 70.571 Loading class java/nio/file/Files$3 done
Event: 70.571 Loading class java/nio/file/FileVisitResult
Event: 70.571 Loading class java/nio/file/FileVisitResult done
Event: 70.847 Loading class java/nio/channels/Channels$ReadableByteChannelImpl
Event: 70.848 Loading class java/nio/channels/Channels$ReadableByteChannelImpl done
Event: 70.849 Loading class java/nio/channels/NonWritableChannelException
Event: 70.849 Loading class java/nio/channels/NonWritableChannelException done
Event: 73.196 Loading class java/util/AbstractList$ListItr
Event: 73.196 Loading class java/util/AbstractList$ListItr done

Classes unloaded (7 events):
Event: 56.658 Thread 0x000001e4b5107540 Unloading class 0x000001e4cb1a4c00 'java/lang/invoke/LambdaForm$MH+0x000001e4cb1a4c00'
Event: 56.658 Thread 0x000001e4b5107540 Unloading class 0x000001e4cb1a4800 'java/lang/invoke/LambdaForm$MH+0x000001e4cb1a4800'
Event: 56.658 Thread 0x000001e4b5107540 Unloading class 0x000001e4cb1a4400 'java/lang/invoke/LambdaForm$MH+0x000001e4cb1a4400'
Event: 56.658 Thread 0x000001e4b5107540 Unloading class 0x000001e4cb1a4000 'java/lang/invoke/LambdaForm$MH+0x000001e4cb1a4000'
Event: 56.658 Thread 0x000001e4b5107540 Unloading class 0x000001e4cb1a3c00 'java/lang/invoke/LambdaForm$BMH+0x000001e4cb1a3c00'
Event: 56.658 Thread 0x000001e4b5107540 Unloading class 0x000001e4cb1a3800 'java/lang/invoke/LambdaForm$DMH+0x000001e4cb1a3800'
Event: 56.658 Thread 0x000001e4b5107540 Unloading class 0x000001e4cb1a2400 'java/lang/invoke/LambdaForm$DMH+0x000001e4cb1a2400'

Classes redefined (0 events):
No events

Internal exceptions (20 events):
Event: 66.240 Thread 0x000001e5103cb6d0 Exception <a 'java/lang/NoSuchMethodError'{0x00000000eb8578a8}: 'void java.lang.invoke.DirectMethodHandle$Holder.invokeStaticInit(java.lang.Object, java.lang.Object, java.lang.Object)'> (0x00000000eb8578a8) 
thrown [s\src\hotspot\share\interpreter\linkResolver.cpp, line 773]
Event: 66.310 Thread 0x000001e5103cb6d0 Exception <a 'java/lang/ExceptionInInitializerError'{0x00000000eb8ba058}> (0x00000000eb8ba058) 
thrown [s\src\hotspot\share\oops\instanceKlass.cpp, line 1220]
Event: 66.337 Thread 0x000001e510aebf00 Exception <a 'sun/nio/fs/WindowsException'{0x00000000ebc68e68}> (0x00000000ebc68e68) 
thrown [s\src\hotspot\share\prims\jni.cpp, line 520]
Event: 66.364 Thread 0x000001e5103cb6d0 Implicit null exception at 0x000001e4bfe90cfe to 0x000001e4bfe90f60
Event: 66.364 Thread 0x000001e5103cb6d0 Implicit null exception at 0x000001e4bfdde9bc to 0x000001e4bfddf908
Event: 66.392 Thread 0x000001e5103cb6d0 Exception <a 'java/lang/NoSuchMethodError'{0x00000000ebccedf8}: 'java.lang.Object java.lang.invoke.Invokers$Holder.invokeExact_MT(java.lang.Object, int, java.lang.Object)'> (0x00000000ebccedf8) 
thrown [s\src\hotspot\share\interpreter\linkResolver.cpp, line 773]
Event: 68.205 Thread 0x000001e5103cb6d0 Exception <a 'java/lang/NoClassDefFoundError'{0x00000000ebfe4020}: com/google/inject/servlet/ServletModuleTargetVisitor> (0x00000000ebfe4020) 
thrown [s\src\hotspot\share\classfile\systemDictionary.cpp, line 301]
Event: 68.379 Thread 0x000001e5103cb6d0 Exception <a 'java/lang/NoSuchMethodError'{0x00000000eac8a2e0}: 'java.lang.Object java.lang.invoke.DirectMethodHandle$Holder.invokeStatic(java.lang.Object, int, java.lang.Object, java.lang.Object)'> (0x00000000eac8a2e0) 
thrown [s\src\hotspot\share\interpreter\linkResolver.cpp, line 773]
Event: 68.379 Thread 0x000001e5103cb6d0 Exception <a 'java/lang/NoSuchMethodError'{0x00000000eac8dac0}: 'java.lang.Object java.lang.invoke.DelegatingMethodHandle$Holder.delegate(java.lang.Object, int, java.lang.Object, java.lang.Object)'> (0x00000000eac8dac0) 
thrown [s\src\hotspot\share\interpreter\linkResolver.cpp, line 773]
Event: 68.448 Thread 0x000001e5103cb6d0 Implicit null exception at 0x000001e4bff036f6 to 0x000001e4bff03a18
Event: 68.453 Thread 0x000001e5103cb6d0 Exception <a 'java/lang/NoSuchMethodError'{0x00000000eaca1020}: 'int java.lang.invoke.Invokers$Holder.linkToTargetMethod(java.lang.Object, java.lang.Object, java.lang.Object)'> (0x00000000eaca1020) 
thrown [s\src\hotspot\share\interpreter\linkResolver.cpp, line 773]
Event: 69.251 Thread 0x000001e510aeab50 Exception <a 'java/lang/NoSuchMethodError'{0x00000000eb514aa8}: 'java.lang.Object java.lang.invoke.DelegatingMethodHandle$Holder.reinvoke_L(java.lang.Object, int, long, java.lang.Object, java.lang.Object, int, java.lang.Object)'> (0x00000000eb514aa8) 
thrown [s\src\hotspot\share\interpreter\linkResolver.cpp, line 773]
Event: 69.571 Thread 0x000001e5103cb6d0 Implicit null exception at 0x000001e4bfe5729f to 0x000001e4bfe57500
Event: 71.056 Thread 0x000001e510aeab50 Exception <a 'java/io/FileNotFoundException'{0x00000000ebf989e0}> (0x00000000ebf989e0) 
thrown [s\src\hotspot\share\prims\jni.cpp, line 520]
Event: 71.056 Thread 0x000001e510aeab50 Exception <a 'java/io/FileNotFoundException'{0x00000000ebf99c90}> (0x00000000ebf99c90) 
thrown [s\src\hotspot\share\prims\jni.cpp, line 520]
Event: 71.058 Thread 0x000001e510aeab50 Exception <a 'java/lang/NoSuchMethodError'{0x00000000ebfa7c68}: 'java.lang.Object java.lang.invoke.DirectMethodHandle$Holder.newInvokeSpecial(java.lang.Object, java.lang.Object, java.lang.Object, int)'> (0x00000000ebfa7c68) 
thrown [s\src\hotspot\share\interpreter\linkResolver.cpp, line 773]
Event: 71.059 Thread 0x000001e510aeab50 Exception <a 'java/lang/NoSuchMethodError'{0x00000000ebfabad8}: 'java.lang.Object java.lang.invoke.DirectMethodHandle$Holder.invokeSpecial(java.lang.Object, java.lang.Object, java.lang.Object, java.lang.Object, int)'> (0x00000000ebfabad8) 
thrown [s\src\hotspot\share\interpreter\linkResolver.cpp, line 773]
Event: 71.059 Thread 0x000001e510aeab50 Exception <a 'java/lang/NoSuchMethodError'{0x00000000ebfaef70}: 'java.lang.Object java.lang.invoke.Invokers$Holder.linkToTargetMethod(java.lang.Object, java.lang.Object, int, java.lang.Object)'> (0x00000000ebfaef70) 
thrown [s\src\hotspot\share\interpreter\linkResolver.cpp, line 773]
Event: 71.676 Thread 0x000001e510aebf00 Exception <a 'sun/nio/fs/WindowsException'{0x00000000eb182fb8}> (0x00000000eb182fb8) 
thrown [s\src\hotspot\share\prims\jni.cpp, line 520]
Event: 71.677 Thread 0x000001e510aebf00 Exception <a 'sun/nio/fs/WindowsException'{0x00000000eb183980}> (0x00000000eb183980) 
thrown [s\src\hotspot\share\prims\jni.cpp, line 520]

ZGC Phase Switch (0 events):
No events

VM Operations (20 events):
Event: 68.255 Executing VM operation: ParallelGCFailedAllocation (Allocation Failure)
Event: 68.261 Executing VM operation: ParallelGCFailedAllocation (Allocation Failure) done
Event: 69.163 Executing VM operation: HandshakeAllThreads (Deoptimize)
Event: 69.163 Executing VM operation: HandshakeAllThreads (Deoptimize) done
Event: 69.613 Executing VM operation: HandshakeAllThreads (Deoptimize)
Event: 69.613 Executing VM operation: HandshakeAllThreads (Deoptimize) done
Event: 69.613 Executing VM operation: Cleanup
Event: 69.627 Executing VM operation: Cleanup done
Event: 69.631 Executing VM operation: HandshakeAllThreads (Deoptimize)
Event: 69.631 Executing VM operation: HandshakeAllThreads (Deoptimize) done
Event: 70.571 Executing VM operation: HandshakeAllThreads (Deoptimize)
Event: 70.571 Executing VM operation: HandshakeAllThreads (Deoptimize) done
Event: 71.405 Executing VM operation: ParallelGCFailedAllocation (Allocation Failure)
Event: 71.408 Executing VM operation: ParallelGCFailedAllocation (Allocation Failure) done
Event: 72.296 Executing VM operation: ParallelGCFailedAllocation (Allocation Failure)
Event: 72.824 Executing VM operation: ParallelGCFailedAllocation (Allocation Failure) done
Event: 73.203 Executing VM operation: HandshakeAllThreads (Deoptimize)
Event: 73.203 Executing VM operation: HandshakeAllThreads (Deoptimize) done
Event: 73.875 Executing VM operation: ParallelGCFailedAllocation (Allocation Failure)
Event: 74.080 Executing VM operation: ParallelGCFailedAllocation (Allocation Failure) done

Memory protections (0 events):
No events

Nmethod flushes (20 events):
Event: 64.352 Thread 0x000001e4b5107540 flushing  nmethod 0x000001e4b8961d90
Event: 64.352 Thread 0x000001e4b5107540 flushing  nmethod 0x000001e4b8962210
Event: 64.352 Thread 0x000001e4b5107540 flushing  nmethod 0x000001e4b8962710
Event: 64.352 Thread 0x000001e4b5107540 flushing  nmethod 0x000001e4b8964590
Event: 64.352 Thread 0x000001e4b5107540 flushing  nmethod 0x000001e4b8964a90
Event: 64.352 Thread 0x000001e4b5107540 flushing  nmethod 0x000001e4b8970d10
Event: 64.352 Thread 0x000001e4b5107540 flushing  nmethod 0x000001e4b89bfa90
Event: 64.352 Thread 0x000001e4b5107540 flushing  nmethod 0x000001e4b89c8090
Event: 64.352 Thread 0x000001e4b5107540 flushing  nmethod 0x000001e4b89ccf10
Event: 64.352 Thread 0x000001e4b5107540 flushing  nmethod 0x000001e4b89d1390
Event: 64.352 Thread 0x000001e4b5107540 flushing  nmethod 0x000001e4b8a16090
Event: 64.352 Thread 0x000001e4b5107540 flushing osr nmethod 0x000001e4b8a4d390
Event: 64.352 Thread 0x000001e4b5107540 flushing  nmethod 0x000001e4b8a4df10
Event: 64.352 Thread 0x000001e4b5107540 flushing  nmethod 0x000001e4b8a4fd90
Event: 64.352 Thread 0x000001e4b5107540 flushing  nmethod 0x000001e4b8a53d90
Event: 64.352 Thread 0x000001e4b5107540 flushing  nmethod 0x000001e4b8a66f10
Event: 64.352 Thread 0x000001e4b5107540 flushing  nmethod 0x000001e4b8a92410
Event: 64.352 Thread 0x000001e4b5107540 flushing  nmethod 0x000001e4b8aa0090
Event: 64.352 Thread 0x000001e4b5107540 flushing  nmethod 0x000001e4b8aa0510
Event: 64.352 Thread 0x000001e4b5107540 flushing  nmethod 0x000001e4b8aa8610

Events (20 events):
Event: 63.015 Thread 0x000001e4c93a8440 Thread added: 0x000001e510be4110
Event: 63.267 Thread 0x000001e510be4110 Thread exited: 0x000001e510be4110
Event: 63.418 Thread 0x000001e4c93a8440 Thread added: 0x000001e510be4110
Event: 63.526 Thread 0x000001e50b780610 Thread added: 0x000001e510aeab50
Event: 63.654 Thread 0x000001e5105523c0 Thread exited: 0x000001e5105523c0
Event: 64.429 Thread 0x000001e510aeb870 Thread added: 0x000001e510aecc20
Event: 64.563 Thread 0x000001e510aecc20 Thread added: 0x000001e510aeb1e0
Event: 64.723 Thread 0x000001e4b50722a0 Thread added: 0x000001e510ae97a0
Event: 64.723 Thread 0x000001e4b50722a0 Thread added: 0x000001e510ae9e30
Event: 64.724 Thread 0x000001e4b50722a0 Thread added: 0x000001e510aed2b0
Event: 64.724 Thread 0x000001e4b50722a0 Thread added: 0x000001e510aed940
Event: 64.724 Thread 0x000001e4b50722a0 Thread added: 0x000001e510aea4c0
Event: 64.799 Thread 0x000001e4b50722a0 Thread added: 0x000001e510af00a0
Event: 66.186 Thread 0x000001e4b50722a0 Thread added: 0x000001e510af0dc0
Event: 66.187 Thread 0x000001e4b50722a0 Thread added: 0x000001e510aedfd0
Event: 66.580 Thread 0x000001e510be4110 Thread exited: 0x000001e510be4110
Event: 66.859 Thread 0x000001e4c94236a0 Thread added: 0x000001e510be4110
Event: 68.660 Thread 0x000001e510aecc20 Thread added: 0x000001e510aefa10
Event: 69.040 Thread 0x000001e510be4110 Thread exited: 0x000001e510be4110
Event: 72.863 Thread 0x000001e4c93a8440 Thread added: 0x000001e512ebb010


Dynamic libraries:
0x00007ff73bde0000 - 0x00007ff73bdee000 	c:\Users\mfores\.vscode\extensions\redhat.java-1.42.0-win32-x64\jre\21.0.7-win32-x86_64\bin\java.exe
0x00007fff613e0000 - 0x00007fff61645000 	C:\WINDOWS\SYSTEM32\ntdll.dll
0x00007fff60ef0000 - 0x00007fff60fb9000 	C:\WINDOWS\System32\KERNEL32.DLL
0x00007fff5e6b0000 - 0x00007fff5ea98000 	C:\WINDOWS\System32\KERNELBASE.dll
0x00007fff59870000 - 0x00007fff5990e000 	C:\WINDOWS\SYSTEM32\apphelp.dll
0x00007fff5ee50000 - 0x00007fff5ef9b000 	C:\WINDOWS\System32\ucrtbase.dll
0x00007fff4e4c0000 - 0x00007fff4e4d8000 	c:\Users\mfores\.vscode\extensions\redhat.java-1.42.0-win32-x64\jre\21.0.7-win32-x86_64\bin\jli.dll
0x00007fff5fcc0000 - 0x00007fff5fe8a000 	C:\WINDOWS\System32\USER32.dll
0x00007fff5ee20000 - 0x00007fff5ee47000 	C:\WINDOWS\System32\win32u.dll
0x00007fff5fc20000 - 0x00007fff5fc4b000 	C:\WINDOWS\System32\GDI32.dll
0x00007fff5efa0000 - 0x00007fff5f0d7000 	C:\WINDOWS\System32\gdi32full.dll
0x00007fff5ed70000 - 0x00007fff5ee13000 	C:\WINDOWS\System32\msvcp_win.dll
0x00007fff42720000 - 0x00007fff4273e000 	c:\Users\mfores\.vscode\extensions\redhat.java-1.42.0-win32-x64\jre\21.0.7-win32-x86_64\bin\VCRUNTIME140.dll
0x00007fff3f840000 - 0x00007fff3fada000 	C:\WINDOWS\WinSxS\amd64_microsoft.windows.common-controls_6595b64144ccf1df_6.0.26100.4202_none_3e0698d4e335f517\COMCTL32.dll
0x00007fff5f320000 - 0x00007fff5f3c9000 	C:\WINDOWS\System32\msvcrt.dll
0x00007fff5f870000 - 0x00007fff5f8a0000 	C:\WINDOWS\System32\IMM32.DLL
0x00007fff57d40000 - 0x00007fff57d4c000 	c:\Users\mfores\.vscode\extensions\redhat.java-1.42.0-win32-x64\jre\21.0.7-win32-x86_64\bin\vcruntime140_1.dll
0x00007fff1eb70000 - 0x00007fff1ebfd000 	c:\Users\mfores\.vscode\extensions\redhat.java-1.42.0-win32-x64\jre\21.0.7-win32-x86_64\bin\msvcp140.dll
0x00007ffece840000 - 0x00007ffecf5d0000 	c:\Users\mfores\.vscode\extensions\redhat.java-1.42.0-win32-x64\jre\21.0.7-win32-x86_64\bin\server\jvm.dll
0x00007fff610f0000 - 0x00007fff611a3000 	C:\WINDOWS\System32\ADVAPI32.dll
0x00007fff60fc0000 - 0x00007fff61066000 	C:\WINDOWS\System32\sechost.dll
0x00007fff5f180000 - 0x00007fff5f295000 	C:\WINDOWS\System32\RPCRT4.dll
0x00007fff5f2a0000 - 0x00007fff5f314000 	C:\WINDOWS\System32\WS2_32.dll
0x00007fff5e3a0000 - 0x00007fff5e3fe000 	C:\WINDOWS\SYSTEM32\POWRPROF.dll
0x00007fff471f0000 - 0x00007fff47225000 	C:\WINDOWS\SYSTEM32\WINMM.dll
0x00007fff57be0000 - 0x00007fff57beb000 	C:\WINDOWS\SYSTEM32\VERSION.dll
0x00007fff5e380000 - 0x00007fff5e394000 	C:\WINDOWS\SYSTEM32\UMPDC.dll
0x00007fff5d2f0000 - 0x00007fff5d30b000 	C:\WINDOWS\SYSTEM32\kernel.appcore.dll
0x00007fff57750000 - 0x00007fff5775a000 	c:\Users\mfores\.vscode\extensions\redhat.java-1.42.0-win32-x64\jre\21.0.7-win32-x86_64\bin\jimage.dll
0x00007fff5bc00000 - 0x00007fff5be41000 	C:\WINDOWS\SYSTEM32\DBGHELP.DLL
0x00007fff60a00000 - 0x00007fff60d85000 	C:\WINDOWS\System32\combase.dll
0x00007fff5f8b0000 - 0x00007fff5f991000 	C:\WINDOWS\System32\OLEAUT32.dll
0x00007fff3f7e0000 - 0x00007fff3f819000 	C:\WINDOWS\SYSTEM32\dbgcore.DLL
0x00007fff5f0e0000 - 0x00007fff5f179000 	C:\WINDOWS\System32\bcryptPrimitives.dll
0x00007fff576f0000 - 0x00007fff576ff000 	c:\Users\mfores\.vscode\extensions\redhat.java-1.42.0-win32-x64\jre\21.0.7-win32-x86_64\bin\instrument.dll
0x00007fff308c0000 - 0x00007fff308df000 	c:\Users\mfores\.vscode\extensions\redhat.java-1.42.0-win32-x64\jre\21.0.7-win32-x86_64\bin\java.dll
0x00007fff60280000 - 0x00007fff609c2000 	C:\WINDOWS\System32\SHELL32.dll
0x00007fff5e530000 - 0x00007fff5e6a4000 	C:\WINDOWS\System32\wintypes.dll
0x00007fff5c1b0000 - 0x00007fff5ca08000 	C:\WINDOWS\SYSTEM32\windows.storage.dll
0x00007fff600c0000 - 0x00007fff601b1000 	C:\WINDOWS\System32\SHCORE.dll
0x00007fff5fc50000 - 0x00007fff5fcba000 	C:\WINDOWS\System32\shlwapi.dll
0x00007fff5e410000 - 0x00007fff5e43f000 	C:\WINDOWS\SYSTEM32\profapi.dll
0x00007fff4f360000 - 0x00007fff4f378000 	c:\Users\mfores\.vscode\extensions\redhat.java-1.42.0-win32-x64\jre\21.0.7-win32-x86_64\bin\zip.dll
0x00007fff57d10000 - 0x00007fff57d20000 	C:\Users\mfores\.vscode\extensions\redhat.java-1.42.0-win32-x64\jre\21.0.7-win32-x86_64\bin\net.dll
0x00007fff56a60000 - 0x00007fff56b7e000 	C:\WINDOWS\SYSTEM32\WINHTTP.dll
0x00007fff5d860000 - 0x00007fff5d8ca000 	C:\WINDOWS\system32\mswsock.dll
0x00007fff29ff0000 - 0x00007fff2a006000 	C:\Users\mfores\.vscode\extensions\redhat.java-1.42.0-win32-x64\jre\21.0.7-win32-x86_64\bin\nio.dll
0x00007fff55f70000 - 0x00007fff55f80000 	c:\Users\mfores\.vscode\extensions\redhat.java-1.42.0-win32-x64\jre\21.0.7-win32-x86_64\bin\verify.dll
0x00007fff1ecf0000 - 0x00007fff1ed35000 	C:\Users\mfores\AppData\Roaming\Code\User\globalStorage\redhat.java\1.42.0\config_win\org.eclipse.equinox.launcher\org.eclipse.equinox.launcher.win32.win32.x86_64_1.2.1300.v20250331-1702\eclipse_11911.dll
0x00007fff5ff10000 - 0x00007fff600ae000 	C:\WINDOWS\System32\ole32.dll
0x00007fff5db10000 - 0x00007fff5db2b000 	C:\WINDOWS\SYSTEM32\CRYPTSP.dll
0x00007fff5d250000 - 0x00007fff5d28a000 	C:\WINDOWS\system32\rsaenh.dll
0x00007fff5d900000 - 0x00007fff5d92b000 	C:\WINDOWS\SYSTEM32\USERENV.dll
0x00007fff5e450000 - 0x00007fff5e476000 	C:\WINDOWS\SYSTEM32\bcrypt.dll
0x00007fff5db30000 - 0x00007fff5db3c000 	C:\WINDOWS\SYSTEM32\CRYPTBASE.dll
0x00007fff5cd70000 - 0x00007fff5cda3000 	C:\WINDOWS\SYSTEM32\IPHLPAPI.DLL
0x00007fff5fa30000 - 0x00007fff5fa3a000 	C:\WINDOWS\System32\NSI.dll
0x00007fff1ec50000 - 0x00007fff1ec99000 	C:\Users\mfores\AppData\Local\Temp\jna--1076771094\jna2447205645959801520.dll
0x00007fff60270000 - 0x00007fff60278000 	C:\WINDOWS\System32\PSAPI.DLL
0x00007fff57d80000 - 0x00007fff57d9f000 	C:\WINDOWS\SYSTEM32\dhcpcsvc6.DLL
0x00007fff57ce0000 - 0x00007fff57d05000 	C:\WINDOWS\SYSTEM32\dhcpcsvc.DLL

dbghelp: loaded successfully - version: 4.0.5 - missing functions: none
symbol engine: initialized successfully - sym options: 0x614 - pdb path: .;c:\Users\mfores\.vscode\extensions\redhat.java-1.42.0-win32-x64\jre\21.0.7-win32-x86_64\bin;C:\WINDOWS\SYSTEM32;C:\WINDOWS\WinSxS\amd64_microsoft.windows.common-controls_6595b64144ccf1df_6.0.26100.4202_none_3e0698d4e335f517;c:\Users\mfores\.vscode\extensions\redhat.java-1.42.0-win32-x64\jre\21.0.7-win32-x86_64\bin\server;C:\Users\mfores\AppData\Roaming\Code\User\globalStorage\redhat.java\1.42.0\config_win\org.eclipse.equinox.launcher\org.eclipse.equinox.launcher.win32.win32.x86_64_1.2.1300.v20250331-1702;C:\Users\mfores\AppData\Local\Temp\jna--1076771094

VM Arguments:
jvm_args: --add-modules=ALL-SYSTEM --add-opens=java.base/java.util=ALL-UNNAMED --add-opens=java.base/java.lang=ALL-UNNAMED --add-opens=java.base/sun.nio.fs=ALL-UNNAMED -Declipse.application=org.eclipse.jdt.ls.core.id1 -Dosgi.bundles.defaultStartLevel=4 -Declipse.product=org.eclipse.jdt.ls.core.product -Djava.import.generatesMetadataFilesAtProjectRoot=false -DDetectVMInstallationsJob.disabled=true -Dfile.encoding=utf8 -XX:+UseParallelGC -XX:GCTimeRatio=4 -XX:AdaptiveSizePolicyWeight=90 -Dsun.zip.disableMemoryMapping=true -Xmx1G -Xms100m -Xlog:disable -javaagent:c:\Users\mfores\.vscode\extensions\redhat.java-1.42.0-win32-x64\lombok\lombok-1.18.36.jar -XX:+HeapDumpOnOutOfMemoryError -XX:HeapDumpPath=c:\Users\mfores\AppData\Roaming\Code\User\workspaceStorage\0bbe5acb9c02150359cc3e73a33cb376\redhat.java -Daether.dependencyCollector.impl=bf 
java_command: c:\Users\mfores\.vscode\extensions\redhat.java-1.42.0-win32-x64\server\plugins\org.eclipse.equinox.launcher_1.7.0.v20250424-1814.jar -configuration c:\Users\mfores\AppData\Roaming\Code\User\globalStorage\redhat.java\1.42.0\config_win -data c:\Users\mfores\AppData\Roaming\Code\User\workspaceStorage\0bbe5acb9c02150359cc3e73a33cb376\redhat.java\jdt_ws --pipe=\\.\pipe\lsp-5ac65e5910e1420750d35ea2092cd5f3-sock
java_class_path (initial): c:\Users\mfores\.vscode\extensions\redhat.java-1.42.0-win32-x64\server\plugins\org.eclipse.equinox.launcher_1.7.0.v20250424-1814.jar
Launcher Type: SUN_STANDARD

[Global flags]
    uintx AdaptiveSizePolicyWeight                 = 90                                        {product} {command line}
     intx CICompilerCount                          = 3                                         {product} {ergonomic}
    uintx GCTimeRatio                              = 4                                         {product} {command line}
     bool HeapDumpOnOutOfMemoryError               = true                                   {manageable} {command line}
    ccstr HeapDumpPath                             = c:\Users\mfores\AppData\Roaming\Code\User\workspaceStorage\0bbe5acb9c02150359cc3e73a33cb376\redhat.java         {manageable} {command line}
   size_t InitialHeapSize                          = 104857600                                 {product} {command line}
   size_t MaxHeapSize                              = 1073741824                                {product} {command line}
   size_t MaxNewSize                               = 357564416                                 {product} {ergonomic}
   size_t MinHeapDeltaBytes                        = 524288                                    {product} {ergonomic}
   size_t MinHeapSize                              = 104857600                                 {product} {command line}
   size_t NewSize                                  = 34603008                                  {product} {ergonomic}
    uintx NonNMethodCodeHeapSize                   = 5832780                                {pd product} {ergonomic}
    uintx NonProfiledCodeHeapSize                  = 122912730                              {pd product} {ergonomic}
   size_t OldSize                                  = 70254592                                  {product} {ergonomic}
    uintx ProfiledCodeHeapSize                     = 122912730                              {pd product} {ergonomic}
    uintx ReservedCodeCacheSize                    = 251658240                              {pd product} {ergonomic}
     bool SegmentedCodeCache                       = true                                      {product} {ergonomic}
   size_t SoftMaxHeapSize                          = 1073741824                             {manageable} {ergonomic}
     bool UseCompressedOops                        = true                           {product lp64_product} {ergonomic}
     bool UseLargePagesIndividualAllocation        = false                                  {pd product} {ergonomic}
     bool UseParallelGC                            = true                                      {product} {command line}

Logging:
Log output configuration:
 #0: stdout all=off uptime,level,tags foldmultilines=false
 #1: stderr all=off uptime,level,tags foldmultilines=false

Environment Variables:
JAVA_HOME=C:\Program Files\Eclipse Adoptium\jdk-17.0.15.6-hotspot
PATH=C:\Program Files (x86)\Microsoft\Edge\Application;C:\Program Files\Eclipse Adoptium\jdk-17.0.15.6-hotspot\bin;C:\Python313\Scripts\;C:\Python313\;C:\WINDOWS\system32;C:\WINDOWS;C:\WINDOWS\System32\Wbem;C:\WINDOWS\System32\WindowsPowerShell\v1.0\;C:\WINDOWS\System32\OpenSSH\;C:\Program Files\wooting-analog-sdk\;C:\Program Files (x86)\InvGate\Insight Agent;C:\Program Files\nodejs\;C:\ProgramData\chocolatey\bin;C:\Program Files\Git\cmd;C:\Users\mfores\Downloads\apache-maven-3.9.9-bin\apache-maven-3.9.9\bin;C:\Users\mfores\AppData\Local\Programs\Eclipse Adoptium\jdk-17.0.14.7-hotspot\bin;C:\Users\mfores\AppData\Local\Programs\Eclipse Adoptium\jdk-21.0.6.7-hotspot\bin;C:\Users\mfores\AppData\Local\Microsoft\WindowsApps;C:\Users\mfores\AppData\Local\Programs\Microsoft VS Code\bin;C:\Users\mfores\AppData\Roaming\npm;C:\Program Files\Eclipse Adoptium\jdk-17.0.15.6-hotspot\bin;
USERNAME=mfores
OS=Windows_NT
PROCESSOR_IDENTIFIER=Intel64 Family 6 Model 140 Stepping 1, GenuineIntel
TMP=C:\Users\mfores\AppData\Local\Temp
TEMP=C:\Users\mfores\AppData\Local\Temp




Periodic native trim disabled

---------------  S Y S T E M  ---------------

OS:
 Windows 11 , 64 bit Build 26100 (10.0.26100.4202)
OS uptime: 5 days 1:50 hours

CPU: total 4 (initial active 4) (2 cores per cpu, 2 threads per core) family 6 model 140 stepping 1 microcode 0xac, cx8, cmov, fxsr, ht, mmx, 3dnowpref, sse, sse2, sse3, ssse3, sse4.1, sse4.2, popcnt, lzcnt, tsc, tscinvbit, avx, avx2, aes, erms, clmul, bmi1, bmi2, adx, avx512f, avx512dq, avx512cd, avx512bw, avx512vl, sha, fma, vzeroupper, avx512_vpopcntdq, avx512_vpclmulqdq, avx512_vaes, avx512_vnni, clflush, clflushopt, clwb, avx512_vbmi2, avx512_vbmi, rdtscp, rdpid, fsrm, gfni, avx512_bitalg, f16c, pku, cet_ibt, cet_ss, avx512_ifma
Processor Information for the first 4 processors :
  Max Mhz: 2995, Current Mhz: 2995, Mhz Limit: 2995

Memory: 4k page, system-wide physical 7932M (568M free)
TotalPageFile size 32508M (AvailPageFile size 0M)
current process WorkingSet (physical memory assigned to process): 209M, peak: 211M
current process commit charge ("private bytes"): 291M, peak: 297M

vm_info: OpenJDK 64-Bit Server VM (21.0.7+6-LTS) for windows-amd64 JRE (21.0.7+6-LTS), built on 2025-04-15T00:00:00Z by "admin" with MS VC++ 17.7 (VS2022)

END.
